     1                                  ; hello-os
     2                                  ; TAB=4
     3                                  
     4                                      ORG		0x7c00			; このプログラムがどこに読み込まれるのか
     5                                  
     6                                  ; 以下は標準的なFAT12フォーマットフロッピーディスクのための記述
     7                                  
     8 00000000 EB4E                        JMP		entry
     9 00000002 90                          DB		0x90
    10 00000003 48454C4C4F49504C            DB		"HELLOIPL"		; ブートセクタの名前を自由に書いてよい（8バイト）
    11 0000000B 0002                        DW		512				; 1セクタの大きさ（512にしなければいけない）
    12 0000000D 01                          DB		1				; クラスタの大きさ（1セクタにしなければいけない）
    13 0000000E 0100                        DW		1				; FATがどこから始まるか（普通は1セクタ目からにする）
    14 00000010 02                          DB		2				; FATの個数（2にしなければいけない）
    15 00000011 E000                        DW		224				; ルートディレクトリ領域の大きさ（普通は224エントリにする）
    16 00000013 400B                        DW		2880			; このドライブの大きさ（2880セクタにしなければいけない）
    17 00000015 F0                          DB		0xf0			; メディアのタイプ（0xf0にしなければいけない）
    18 00000016 0900                        DW		9				; FAT領域の長さ（9セクタにしなければいけない）
    19 00000018 1200                        DW		18				; 1トラックにいくつのセクタがあるか（18にしなければいけない）
    20 0000001A 0200                        DW		2				; ヘッドの数（2にしなければいけない）
    21 0000001C 00000000                    DD		0				; パーティションを使ってないのでここは必ず0
    22 00000020 400B0000                    DD		2880			; このドライブ大きさをもう一度書く
    23 00000024 000029                      DB		0,0,0x29		; よくわからないけどこの値にしておくといいらしい
    24 00000027 FFFFFFFF                    DD		0xffffffff		; たぶんボリュームシリアル番号
    25 0000002B 48454C4C4F2D4F5320-         DB		"HELLO-OS   "	; ディスクの名前（11バイト）
    25 00000034 2020               
    26 00000036 4641543132202020            DB		"FAT12   "		; フォーマットの名前（8バイト）
    27                                      ;RESB	18				; とりあえず18バイトあけておく
    28 0000003E 00<rep 12h>                 TIMES	18 DB 0		; NASMでは警告が出るので修正
    29                                  
    30                                  ; プログラム本体
    31                                  
    32                                  entry:
    33 00000050 B80000                      MOV		AX,0			; レジスタ初期化
    34 00000053 8ED0                        MOV		SS,AX
    35 00000055 BC007C                      MOV		SP,0x7c00
    36 00000058 8ED8                        MOV		DS,AX
    37 0000005A 8EC0                        MOV		ES,AX
    38                                  
    39 0000005C BE[7400]                    MOV		SI,msg
    40                                  putloop:
    41 0000005F 8A04                        MOV		AL,[SI]
    42 00000061 83C601                      ADD		SI,1			; SIに1を足す
    43 00000064 3C00                        CMP		AL,0
    44 00000066 7409                        JE		fin
    45 00000068 B40E                        MOV		AH,0x0e			; 一文字表示ファンクション
    46 0000006A BB0F00                      MOV		BX,15			; カラーコード
    47 0000006D CD10                        INT		0x10			; ビデオBIOS呼び出し
    48 0000006F EBEE                        JMP		putloop
    49                                  fin:
    50 00000071 F4                          HLT						; 何かあるまでCPUを停止させる
    51 00000072 EBFD                        JMP		fin				; 無限ループ
    52                                  
    53                                  msg:
    54 00000074 0A0A                        DB		0x0a, 0x0a		; 改行を2つ
    55 00000076 68656C6C6F2C20776F-         DB		"hello, world"
    55 0000007F 726C64             
    56 00000082 0A                          DB		0x0a			; 改行
    57 00000083 00                          DB		0
    58                                  
    59                                      ;RESB	0x7dfe-$		; 0x7dfeまでを0x00で埋める命令
    60 00000084 00<rep 17Ah>                TIMES	0x1fe-($-$$) DB 0	;NASM用に修正 $から$-$に、RESBからTIMES DB0へ
    61                                  
    62 000001FE 55AA                        DB		0x55, 0xaa
